flow         arch      regs  stack  spillS  spillL     DADD     DMUL     DFMA   DSETP    MUFU   fp64_tot    occ%
ZA           sm_80       28      0       0       0        3       13       30       1       3         50    100%
ZA           sm_89       30      0       0       0        3       13       30       1       3         50    100%
ZA           sm_90       28      0       0       0        3       13       30       1       3         50    100%
ZA3          sm_80       52      0       0       0        7       82      166       3       6        264     56%
ZA3          sm_89       54      0       0       0        7       83      166       3       6        265     75%
ZA3          sm_90       46      0       0       0        7       83      166       3       6        265     65%
ZA4          sm_80      128     40       0       0       25      429     1334       5      10       1803     25%
ZA4          sm_89       96     40       0       0       25      436     1335       5      10       1811     43%
ZA4          sm_90      128     40       0       0       25      434     1334       5      10       1808     25%
ZAcbc        sm_80       46      0       0       0       11       88      152       3       8        262     65%
ZAcbc        sm_89       44      0       0       0       11       88      153       3       8        263     87%
ZAcbc        sm_90       46      0       0       0       11       89      152       3       8        263     65%
Zc           sm_80       24      0       0       0        1       15       26       1       3         46    100%
Zc           sm_89       24      0       0       0        1       15       26       1       3         46    100%
Zc           sm_90       24      0       0       0        1       15       26       1       3         46    100%
ZA           sm_80       30      0       0       0        4       30       43       1       3         81    100%
ZA           sm_89       36      0       0       0        4       30       43       1       3         81    100%
ZA           sm_90       30      0       0       0        4       30       43       1       3         81    100%
  ZA3 sm_80: COMPILE FAILED (see /tmp/ntbsass_JNCG/ZA3.sm_80.ptxas)
/tmp/ntbsass_JNCG/ZA3.cu(36): error: no operator "+=" matches these operands
            operand types are: double += DiFfRG::za3_qcd::nt_complex_t
    acc += ns::tr3(f);
        ^
/tmp/ntbsass_JNCG/ZA3.cu(36): note #3328-D: built-in operator+=(<arithmetic>, <promoted arithmetic>) does not match because argument #2 does not match parameter
    acc += ns::tr3(f);
        ^
/tmp/ntbsass_JNCG/ZA3.cu(36): note #3328-D: built-in operator+=(<pointer to object>, <ptrdiff_t>) does not match because argument #1 does not match parameter
    acc += ns::tr3(f);
        ^

/tmp/ntbsass_JNCG/ZA3.cu(37): error: no operator "+=" matches these operands
  ZA3 sm_89: COMPILE FAILED (see /tmp/ntbsass_JNCG/ZA3.sm_89.ptxas)
/tmp/ntbsass_JNCG/ZA3.cu(36): error: no operator "+=" matches these operands
            operand types are: double += DiFfRG::za3_qcd::nt_complex_t
    acc += ns::tr3(f);
        ^
/tmp/ntbsass_JNCG/ZA3.cu(36): note #3328-D: built-in operator+=(<arithmetic>, <promoted arithmetic>) does not match because argument #2 does not match parameter
    acc += ns::tr3(f);
        ^
/tmp/ntbsass_JNCG/ZA3.cu(36): note #3328-D: built-in operator+=(<pointer to object>, <ptrdiff_t>) does not match because argument #1 does not match parameter
    acc += ns::tr3(f);
        ^

/tmp/ntbsass_JNCG/ZA3.cu(37): error: no operator "+=" matches these operands
  ZA3 sm_90: COMPILE FAILED (see /tmp/ntbsass_JNCG/ZA3.sm_90.ptxas)
/tmp/ntbsass_JNCG/ZA3.cu(36): error: no operator "+=" matches these operands
            operand types are: double += DiFfRG::za3_qcd::nt_complex_t
    acc += ns::tr3(f);
        ^
/tmp/ntbsass_JNCG/ZA3.cu(36): note #3328-D: built-in operator+=(<arithmetic>, <promoted arithmetic>) does not match because argument #2 does not match parameter
    acc += ns::tr3(f);
        ^
/tmp/ntbsass_JNCG/ZA3.cu(36): note #3328-D: built-in operator+=(<pointer to object>, <ptrdiff_t>) does not match because argument #1 does not match parameter
    acc += ns::tr3(f);
        ^

/tmp/ntbsass_JNCG/ZA3.cu(37): error: no operator "+=" matches these operands
ZA4          sm_80      254    664     784     784       35     2311     6097       5      10       8458     12%
ZA4          sm_89      254    456     424     424       35     2307     6096       5      10       8453     16%
ZA4          sm_90      255   3328    6156    6180       35     2384     6110       5      10       8544     12%
  ZAAqbq1 sm_80: COMPILE FAILED (see /tmp/ntbsass_JNCG/ZAAqbq1.sm_80.ptxas)
/tmp/ntbsass_JNCG/ZAAqbq1.cu(38): error: no operator "+=" matches these operands
            operand types are: double += DiFfRG::zaaqbq1_qcd::nt_complex_t
    acc += ns::tr4(f);
        ^
/tmp/ntbsass_JNCG/ZAAqbq1.cu(38): note #3328-D: built-in operator+=(<arithmetic>, <promoted arithmetic>) does not match because argument #2 does not match parameter
    acc += ns::tr4(f);
        ^
/tmp/ntbsass_JNCG/ZAAqbq1.cu(38): note #3328-D: built-in operator+=(<pointer to object>, <ptrdiff_t>) does not match because argument #1 does not match parameter
    acc += ns::tr4(f);
        ^

/tmp/ntbsass_JNCG/ZAAqbq1.cu(39): error: no operator "+=" matches these operands
  ZAAqbq1 sm_89: COMPILE FAILED (see /tmp/ntbsass_JNCG/ZAAqbq1.sm_89.ptxas)
/tmp/ntbsass_JNCG/ZAAqbq1.cu(38): error: no operator "+=" matches these operands
            operand types are: double += DiFfRG::zaaqbq1_qcd::nt_complex_t
    acc += ns::tr4(f);
        ^
/tmp/ntbsass_JNCG/ZAAqbq1.cu(38): note #3328-D: built-in operator+=(<arithmetic>, <promoted arithmetic>) does not match because argument #2 does not match parameter
    acc += ns::tr4(f);
        ^
/tmp/ntbsass_JNCG/ZAAqbq1.cu(38): note #3328-D: built-in operator+=(<pointer to object>, <ptrdiff_t>) does not match because argument #1 does not match parameter
    acc += ns::tr4(f);
        ^

/tmp/ntbsass_JNCG/ZAAqbq1.cu(39): error: no operator "+=" matches these operands
  ZAAqbq1 sm_90: COMPILE FAILED (see /tmp/ntbsass_JNCG/ZAAqbq1.sm_90.ptxas)
/tmp/ntbsass_JNCG/ZAAqbq1.cu(38): error: no operator "+=" matches these operands
            operand types are: double += DiFfRG::zaaqbq1_qcd::nt_complex_t
    acc += ns::tr4(f);
        ^
/tmp/ntbsass_JNCG/ZAAqbq1.cu(38): note #3328-D: built-in operator+=(<arithmetic>, <promoted arithmetic>) does not match because argument #2 does not match parameter
    acc += ns::tr4(f);
        ^
/tmp/ntbsass_JNCG/ZAAqbq1.cu(38): note #3328-D: built-in operator+=(<pointer to object>, <ptrdiff_t>) does not match because argument #1 does not match parameter
    acc += ns::tr4(f);
        ^

/tmp/ntbsass_JNCG/ZAAqbq1.cu(39): error: no operator "+=" matches these operands
  ZAAqbq2 sm_80: COMPILE FAILED (see /tmp/ntbsass_JNCG/ZAAqbq2.sm_80.ptxas)
/tmp/ntbsass_JNCG/ZAAqbq2.cu(39): error: no operator "+=" matches these operands
            operand types are: double += DiFfRG::zaaqbq2_qcd::nt_complex_t
    acc += ns::tr5(f);
        ^
/tmp/ntbsass_JNCG/ZAAqbq2.cu(39): note #3328-D: built-in operator+=(<arithmetic>, <promoted arithmetic>) does not match because argument #2 does not match parameter
    acc += ns::tr5(f);
        ^
/tmp/ntbsass_JNCG/ZAAqbq2.cu(39): note #3328-D: built-in operator+=(<pointer to object>, <ptrdiff_t>) does not match because argument #1 does not match parameter
    acc += ns::tr5(f);
        ^

/tmp/ntbsass_JNCG/ZAAqbq2.cu(40): error: no operator "+=" matches these operands
  ZAAqbq2 sm_89: COMPILE FAILED (see /tmp/ntbsass_JNCG/ZAAqbq2.sm_89.ptxas)
/tmp/ntbsass_JNCG/ZAAqbq2.cu(39): error: no operator "+=" matches these operands
            operand types are: double += DiFfRG::zaaqbq2_qcd::nt_complex_t
    acc += ns::tr5(f);
        ^
/tmp/ntbsass_JNCG/ZAAqbq2.cu(39): note #3328-D: built-in operator+=(<arithmetic>, <promoted arithmetic>) does not match because argument #2 does not match parameter
    acc += ns::tr5(f);
        ^
/tmp/ntbsass_JNCG/ZAAqbq2.cu(39): note #3328-D: built-in operator+=(<pointer to object>, <ptrdiff_t>) does not match because argument #1 does not match parameter
    acc += ns::tr5(f);
        ^

/tmp/ntbsass_JNCG/ZAAqbq2.cu(40): error: no operator "+=" matches these operands
  ZAAqbq2 sm_90: COMPILE FAILED (see /tmp/ntbsass_JNCG/ZAAqbq2.sm_90.ptxas)
/tmp/ntbsass_JNCG/ZAAqbq2.cu(39): error: no operator "+=" matches these operands
            operand types are: double += DiFfRG::zaaqbq2_qcd::nt_complex_t
    acc += ns::tr5(f);
        ^
/tmp/ntbsass_JNCG/ZAAqbq2.cu(39): note #3328-D: built-in operator+=(<arithmetic>, <promoted arithmetic>) does not match because argument #2 does not match parameter
    acc += ns::tr5(f);
        ^
/tmp/ntbsass_JNCG/ZAAqbq2.cu(39): note #3328-D: built-in operator+=(<pointer to object>, <ptrdiff_t>) does not match because argument #1 does not match parameter
    acc += ns::tr5(f);
        ^

/tmp/ntbsass_JNCG/ZAAqbq2.cu(40): error: no operator "+=" matches these operands
ZAcbc        sm_80       46      0       0       0       11       88      152       3       8        262     65%
ZAcbc        sm_89       44      0       0       0       11       88      153       3       8        263     87%
ZAcbc        sm_90       46      0       0       0       11       89      152       3       8        263     65%
  ZAqbq1 sm_80: COMPILE FAILED (see /tmp/ntbsass_JNCG/ZAqbq1.sm_80.ptxas)
/tmp/ntbsass_JNCG/ZAqbq1.cu(36): error: no operator "+=" matches these operands
            operand types are: double += DiFfRG::zaqbq1_qcd::nt_complex_t
    acc += ns::tr3(f);
        ^
/tmp/ntbsass_JNCG/ZAqbq1.cu(36): note #3328-D: built-in operator+=(<arithmetic>, <promoted arithmetic>) does not match because argument #2 does not match parameter
    acc += ns::tr3(f);
        ^
/tmp/ntbsass_JNCG/ZAqbq1.cu(36): note #3328-D: built-in operator+=(<pointer to object>, <ptrdiff_t>) does not match because argument #1 does not match parameter
    acc += ns::tr3(f);
        ^

/tmp/ntbsass_JNCG/ZAqbq1.cu(39): error: no operator "+=" matches these operands
  ZAqbq1 sm_89: COMPILE FAILED (see /tmp/ntbsass_JNCG/ZAqbq1.sm_89.ptxas)
/tmp/ntbsass_JNCG/ZAqbq1.cu(36): error: no operator "+=" matches these operands
            operand types are: double += DiFfRG::zaqbq1_qcd::nt_complex_t
    acc += ns::tr3(f);
        ^
/tmp/ntbsass_JNCG/ZAqbq1.cu(36): note #3328-D: built-in operator+=(<arithmetic>, <promoted arithmetic>) does not match because argument #2 does not match parameter
    acc += ns::tr3(f);
        ^
/tmp/ntbsass_JNCG/ZAqbq1.cu(36): note #3328-D: built-in operator+=(<pointer to object>, <ptrdiff_t>) does not match because argument #1 does not match parameter
    acc += ns::tr3(f);
        ^

/tmp/ntbsass_JNCG/ZAqbq1.cu(39): error: no operator "+=" matches these operands
  ZAqbq1 sm_90: COMPILE FAILED (see /tmp/ntbsass_JNCG/ZAqbq1.sm_90.ptxas)
/tmp/ntbsass_JNCG/ZAqbq1.cu(36): error: no operator "+=" matches these operands
            operand types are: double += DiFfRG::zaqbq1_qcd::nt_complex_t
    acc += ns::tr3(f);
        ^
/tmp/ntbsass_JNCG/ZAqbq1.cu(36): note #3328-D: built-in operator+=(<arithmetic>, <promoted arithmetic>) does not match because argument #2 does not match parameter
    acc += ns::tr3(f);
        ^
/tmp/ntbsass_JNCG/ZAqbq1.cu(36): note #3328-D: built-in operator+=(<pointer to object>, <ptrdiff_t>) does not match because argument #1 does not match parameter
    acc += ns::tr3(f);
        ^

/tmp/ntbsass_JNCG/ZAqbq1.cu(39): error: no operator "+=" matches these operands
  ZAqbq4 sm_80: COMPILE FAILED (see /tmp/ntbsass_JNCG/ZAqbq4.sm_80.ptxas)
/tmp/ntbsass_JNCG/ZAqbq4.cu(33): error: no operator "+=" matches these operands
            operand types are: double += DiFfRG::zaqbq4_qcd::nt_complex_t
    acc += ns::tr0(f);
        ^
/tmp/ntbsass_JNCG/ZAqbq4.cu(33): note #3328-D: built-in operator+=(<arithmetic>, <promoted arithmetic>) does not match because argument #2 does not match parameter
    acc += ns::tr0(f);
        ^
/tmp/ntbsass_JNCG/ZAqbq4.cu(33): note #3328-D: built-in operator+=(<pointer to object>, <ptrdiff_t>) does not match because argument #1 does not match parameter
    acc += ns::tr0(f);
        ^

/tmp/ntbsass_JNCG/ZAqbq4.cu(34): error: no operator "+=" matches these operands
  ZAqbq4 sm_89: COMPILE FAILED (see /tmp/ntbsass_JNCG/ZAqbq4.sm_89.ptxas)
/tmp/ntbsass_JNCG/ZAqbq4.cu(33): error: no operator "+=" matches these operands
            operand types are: double += DiFfRG::zaqbq4_qcd::nt_complex_t
    acc += ns::tr0(f);
        ^
/tmp/ntbsass_JNCG/ZAqbq4.cu(33): note #3328-D: built-in operator+=(<arithmetic>, <promoted arithmetic>) does not match because argument #2 does not match parameter
    acc += ns::tr0(f);
        ^
/tmp/ntbsass_JNCG/ZAqbq4.cu(33): note #3328-D: built-in operator+=(<pointer to object>, <ptrdiff_t>) does not match because argument #1 does not match parameter
    acc += ns::tr0(f);
        ^

/tmp/ntbsass_JNCG/ZAqbq4.cu(34): error: no operator "+=" matches these operands
  ZAqbq4 sm_90: COMPILE FAILED (see /tmp/ntbsass_JNCG/ZAqbq4.sm_90.ptxas)
/tmp/ntbsass_JNCG/ZAqbq4.cu(33): error: no operator "+=" matches these operands
            operand types are: double += DiFfRG::zaqbq4_qcd::nt_complex_t
    acc += ns::tr0(f);
        ^
/tmp/ntbsass_JNCG/ZAqbq4.cu(33): note #3328-D: built-in operator+=(<arithmetic>, <promoted arithmetic>) does not match because argument #2 does not match parameter
    acc += ns::tr0(f);
        ^
/tmp/ntbsass_JNCG/ZAqbq4.cu(33): note #3328-D: built-in operator+=(<pointer to object>, <ptrdiff_t>) does not match because argument #1 does not match parameter
    acc += ns::tr0(f);
        ^

/tmp/ntbsass_JNCG/ZAqbq4.cu(34): error: no operator "+=" matches these operands
  ZAqbq7 sm_80: COMPILE FAILED (see /tmp/ntbsass_JNCG/ZAqbq7.sm_80.ptxas)
/tmp/ntbsass_JNCG/ZAqbq7.cu(33): error: no operator "+=" matches these operands
            operand types are: double += DiFfRG::zaqbq7_qcd::nt_complex_t
    acc += ns::tr0(f);
        ^
/tmp/ntbsass_JNCG/ZAqbq7.cu(33): note #3328-D: built-in operator+=(<arithmetic>, <promoted arithmetic>) does not match because argument #2 does not match parameter
    acc += ns::tr0(f);
        ^
/tmp/ntbsass_JNCG/ZAqbq7.cu(33): note #3328-D: built-in operator+=(<pointer to object>, <ptrdiff_t>) does not match because argument #1 does not match parameter
    acc += ns::tr0(f);
        ^

/tmp/ntbsass_JNCG/ZAqbq7.cu(36): error: no operator "+=" matches these operands
  ZAqbq7 sm_89: COMPILE FAILED (see /tmp/ntbsass_JNCG/ZAqbq7.sm_89.ptxas)
/tmp/ntbsass_JNCG/ZAqbq7.cu(33): error: no operator "+=" matches these operands
            operand types are: double += DiFfRG::zaqbq7_qcd::nt_complex_t
    acc += ns::tr0(f);
        ^
/tmp/ntbsass_JNCG/ZAqbq7.cu(33): note #3328-D: built-in operator+=(<arithmetic>, <promoted arithmetic>) does not match because argument #2 does not match parameter
    acc += ns::tr0(f);
        ^
/tmp/ntbsass_JNCG/ZAqbq7.cu(33): note #3328-D: built-in operator+=(<pointer to object>, <ptrdiff_t>) does not match because argument #1 does not match parameter
    acc += ns::tr0(f);
        ^

/tmp/ntbsass_JNCG/ZAqbq7.cu(36): error: no operator "+=" matches these operands
  ZAqbq7 sm_90: COMPILE FAILED (see /tmp/ntbsass_JNCG/ZAqbq7.sm_90.ptxas)
/tmp/ntbsass_JNCG/ZAqbq7.cu(33): error: no operator "+=" matches these operands
            operand types are: double += DiFfRG::zaqbq7_qcd::nt_complex_t
    acc += ns::tr0(f);
        ^
/tmp/ntbsass_JNCG/ZAqbq7.cu(33): note #3328-D: built-in operator+=(<arithmetic>, <promoted arithmetic>) does not match because argument #2 does not match parameter
    acc += ns::tr0(f);
        ^
/tmp/ntbsass_JNCG/ZAqbq7.cu(33): note #3328-D: built-in operator+=(<pointer to object>, <ptrdiff_t>) does not match because argument #1 does not match parameter
    acc += ns::tr0(f);
        ^

/tmp/ntbsass_JNCG/ZAqbq7.cu(36): error: no operator "+=" matches these operands
Zc           sm_80       24      0       0       0        1       15       26       1       3         46    100%
Zc           sm_89       24      0       0       0        1       15       26       1       3         46    100%
Zc           sm_90       24      0       0       0        1       15       26       1       3         46    100%
Zq           sm_80       30      0       0       0        1       41       47       1       3         93    100%
Zq           sm_89       36      0       0       0        1       41       47       1       3         93    100%
Zq           sm_90       30      0       0       0        1       42       47       1       3         94    100%
